2026-07-28 01:00:01,658 - src.utils.logger_config - INFO - Logging configurado. Logs serão salvos em: D:\PSIA\PSIA\data_factory_project\logs\app_20260728_010001.log
2026-07-28 01:00:01,658 - __main__ - INFO - Banco de dados existente 'data/selettra_data_factory.db' removido com sucesso.
2026-07-28 01:00:01,668 - src.database.db_manager - INFO - Tabelas verificadas/criadas com sucesso.
2026-07-28 01:00:01,668 - src.database.db_manager - INFO - DBManager inicializado com o banco de dados: data/selettra_data_factory.db
2026-07-28 01:00:01,668 - src.processors.pdf_extractor - INFO - PDFExtractor inicializado.
2026-07-28 01:00:01,669 - __main__ - INFO - CSVExtractor inicializado.
2026-07-28 01:00:01,669 - __main__ - INFO - Iniciando processamento do PDF: E250905.AGV.001 - AGV LOGÍSTICO ÔNIBUS - MBB_R1V1.pdf
2026-07-28 01:00:01,673 - src.database.db_manager - INFO - Projeto 'E250905.AGV.001' inserido/atualizado com sucesso.
2026-07-28 01:00:01,673 - src.processors.pdf_extractor - INFO - Projeto 'AGV LOGÍSTICO ÔNIBUS - MBB_R1V1' (ID: E250905.AGV.001) inserido com sucesso.
2026-07-28 01:00:31,921 - src.processors.pdf_extractor - INFO - Texto extraído do PDF 'E250905.AGV.001 - AGV LOGÍSTICO ÔNIBUS - MBB_R1V1.pdf'.
2026-07-28 01:00:31,924 - __main__ - ERROR - Erro durante o processamento do PDF: 'DBManager' object has no attribute 'insert_pdf_content'
Traceback (most recent call last):
  File "D:\PSIA\PSIA\data_factory_project\src\processors\csv_extractor.py", line 147, in <module>
    if pdf_processor.extract_and_load_pdf_data(pdf_file):
       ~~~~~~~~~~~~~~~~~~~~~~~~~~~~~~~~~~~~~~~^^^^^^^^^^
  File "D:\PSIA\PSIA\data_factory_project\src\processors\pdf_extractor.py", line 72, in extract_and_load_pdf_data
    if self.db_manager.insert_pdf_content(project_id, full_text, components_text, devices_text):
       ^^^^^^^^^^^^^^^^^^^^^^^^^^^^^^^^^^
AttributeError: 'DBManager' object has no attribute 'insert_pdf_content'
2026-07-28 01:00:31,925 - __main__ - WARNING - O processamento do CSV pode falhar na associação de projeto se o PDF não foi processado com sucesso.
2026-07-28 01:00:31,925 - __main__ - INFO - Iniciando processamento do arquivo CSV: data/raw_csvs\Lista_de_Alarmes_AGV.csv
2026-07-28 01:00:31,934 - __main__ - ERROR - CSV 'Lista_de_Alarmes_AGV.csv' não contém todas as colunas esperadas. Colunas encontradas: ['ita3pico', 'id', 'classe', 'descriaao', 'possaveis_causas', 'sugestao_de_correaao']. Colunas esperadas: ['topico', 'id', 'classe', 'descricao', 'possiveis_causas', 'sugestao_de_correcao']. Colunas faltando: ['topico', 'descricao', 'possiveis_causas', 'sugestao_de_correcao']
2026-07-28 01:00:31,934 - __main__ - WARNING - Nenhum alarme válido extraído do CSV: Lista_de_Alarmes_AGV.csv.
2026-07-28 01:00:31,934 - __main__ - ERROR - Falha no processamento para Lista_de_Alarmes_AGV.csv.
2026-07-28 01:00:31,934 - src.database.db_manager - INFO - Conexão com o banco de dados fechada.
2026-07-28 01:00:31,935 - __main__ - INFO - csv_extractor.py finalizado.
